login success!
logout success!
login success!
logout success!
login success!
logout success!
login success!
logout success!
login success!
logout success!
login success!
logout success!
login success!
logout success!
login success!
logout success!
login success!
logout success!
login success!
logout success!
login success!
logout success!
login success!
logout success!
login success!
logout success!
login success!
logout success!
login success!
logout success!
login success!
logout success!
login success!
logout success!
login success!
logout success!
login success!
logout success!
login success!
logout success!
login success!
logout success!
login success!
logout success!
login success!
logout success!
login success!
logout success!
login success!
logout success!
login success!
logout success!
login success!
logout success!
login success!
logout success!
login success!
logout success!
login success!
logout success!
login success!
logout success!
login success!
logout success!
login success!
logout success!
login success!
logout success!
login success!
logout success!
login success!
logout success!
login success!
logout success!
login success!
logout success!
login success!
logout success!
login success!
logout success!
login success!
logout success!
login success!
logout success!
login success!
logout success!
login success!
logout success!
login success!
logout success!
login success!
logout success!
login success!
logout success!
login success!
logout success!
login success!
logout success!
login success!
logout success!
login success!
logout success!
login success!
logout success!
login success!
logout success!
login success!
logout success!
login success!
logout success!
login success!
logout success!
login success!
logout success!
login success!
logout success!
login success!
logout success!
login success!
logout success!
login success!
logout success!
{
  "ok": true,
  "paths": {
    "json_path": "D:\\Code\\AH_analyse\\ah_recommendation_system\\backend\\data\\stock_recommend\\recommend_20260911.json",
    "md_path": "D:\\Code\\AH_analyse\\ah_recommendation_system\\backend\\data\\stock_recommend\\recommend_20260911.md",
    "latest_json": "D:\\Code\\AH_analyse\\ah_recommendation_system\\backend\\data\\stock_recommend\\latest.json",
    "latest_md": "D:\\Code\\AH_analyse\\ah_recommendation_system\\backend\\data\\stock_recommend\\latest.md"
  },
  "push": null
}
