2026-02-27 14:46:21 | INFO     | Latest report refreshed (mode=mock): D:\Code\test\tools\ah_recommendation_system\backend\data\daily_reports\report_20260227.json
2026-02-27 15:46:21 | INFO     | Latest report refreshed (mode=mock): D:\Code\test\tools\ah_recommendation_system\backend\data\daily_reports\report_20260227.json
2026-02-27 16:46:21 | INFO     | Latest report refreshed (mode=mock): D:\Code\test\tools\ah_recommendation_system\backend\data\daily_reports\report_20260227.json
2026-02-27 17:03:02 | INFO     | AH recommendation server stopped
2026-02-27 17:03:07 | INFO     | AH recommendation server starting
2026-02-27 17:03:07 | INFO     | Data mode: mock
2026-02-27 17:03:08 | INFO     | Hourly refresh enabled
2026-02-27 18:03:09 | INFO     | Latest report refreshed (mode=mock): D:\Code\test\tools\ah_recommendation_system\backend\data\daily_reports\report_20260227.json
2026-02-27 19:03:09 | INFO     | Latest report refreshed (mode=mock): D:\Code\test\tools\ah_recommendation_system\backend\data\daily_reports\report_20260227.json
2026-02-27 20:03:09 | INFO     | Latest report refreshed (mode=mock): D:\Code\test\tools\ah_recommendation_system\backend\data\daily_reports\report_20260227.json
2026-02-27 21:03:09 | INFO     | Latest report refreshed (mode=mock): D:\Code\test\tools\ah_recommendation_system\backend\data\daily_reports\report_20260227.json
2026-02-27 22:03:09 | INFO     | Latest report refreshed (mode=mock): D:\Code\test\tools\ah_recommendation_system\backend\data\daily_reports\report_20260227.json
2026-02-27 23:03:09 | INFO     | Latest report refreshed (mode=mock): D:\Code\test\tools\ah_recommendation_system\backend\data\daily_reports\report_20260227.json
2026-02-28 00:03:09 | INFO     | Latest report refreshed (mode=mock): D:\Code\test\tools\ah_recommendation_system\backend\data\daily_reports\report_20260228.json
2026-02-28 01:03:09 | INFO     | Latest report refreshed (mode=mock): D:\Code\test\tools\ah_recommendation_system\backend\data\daily_reports\report_20260228.json
2026-02-28 02:03:09 | INFO     | Latest report refreshed (mode=mock): D:\Code\test\tools\ah_recommendation_system\backend\data\daily_reports\report_20260228.json
2026-02-28 03:03:12 | INFO     | Latest report refreshed (mode=mock): D:\Code\test\tools\ah_recommendation_system\backend\data\daily_reports\report_20260228.json
2026-02-28 04:03:09 | INFO     | Latest report refreshed (mode=mock): D:\Code\test\tools\ah_recommendation_system\backend\data\daily_reports\report_20260228.json
2026-02-28 05:03:09 | INFO     | Latest report refreshed (mode=mock): D:\Code\test\tools\ah_recommendation_system\backend\data\daily_reports\report_20260228.json
2026-02-28 06:03:09 | INFO     | Latest report refreshed (mode=mock): D:\Code\test\tools\ah_recommendation_system\backend\data\daily_reports\report_20260228.json
2026-02-28 07:03:09 | INFO     | Latest report refreshed (mode=mock): D:\Code\test\tools\ah_recommendation_system\backend\data\daily_reports\report_20260228.json
2026-02-28 08:03:09 | INFO     | Latest report refreshed (mode=mock): D:\Code\test\tools\ah_recommendation_system\backend\data\daily_reports\report_20260228.json
2026-02-28 09:03:09 | INFO     | Latest report refreshed (mode=mock): D:\Code\test\tools\ah_recommendation_system\backend\data\daily_reports\report_20260228.json
2026-02-28 10:03:09 | INFO     | Latest report refreshed (mode=mock): D:\Code\test\tools\ah_recommendation_system\backend\data\daily_reports\report_20260228.json
2026-02-28 11:03:09 | INFO     | Latest report refreshed (mode=mock): D:\Code\test\tools\ah_recommendation_system\backend\data\daily_reports\report_20260228.json
2026-02-28 11:42:06 | INFO     | AH recommendation server starting
2026-02-28 11:42:06 | INFO     | Data mode: mock
2026-02-28 11:42:06 | INFO     | Hourly refresh enabled
2026-02-28 11:42:06 | INFO     | AH recommendation server stopped
2026-02-28 11:52:21 | INFO     | AH recommendation server stopped
2026-02-28 11:52:27 | INFO     | AH recommendation server starting
2026-02-28 11:52:27 | INFO     | Data mode: mock
2026-02-28 11:52:27 | INFO     | Hourly refresh enabled
2026-02-28 12:52:37 | INFO     | Latest report refreshed (mode=mock): D:\Code\test\tools\ah_recommendation_system\backend\data\daily_reports\report_20260228.json
2026-02-28 13:52:38 | INFO     | Latest report refreshed (mode=mock): D:\Code\test\tools\ah_recommendation_system\backend\data\daily_reports\report_20260228.json
